// Jest Snapshot v1, https://goo.gl/fbAQLP

exports[`should render ExpenseList list with empty message 1`] = `
<div>
  <p>
    No expenses
  </p>
</div>
`;

exports[`should render ExpenseList with expenses 1`] = `
<div>
  <ExpenseListItem
    amount={100}
    createdAt={0}
    description="candy"
    id="0"
    key="0"
    note=""
  />
  <ExpenseListItem
    amount={300}
    createdAt={-432000000}
    description="shoes"
    id="1"
    key="1"
    note=""
  />
  <ExpenseListItem
    amount={200}
    createdAt={432000000}
    description="bike"
    id="2"
    key="2"
    note=""
  />
</div>
`;
